==> check-token-gates
check-token-gates summary
  Files scanned:                 1018
  Allowlist entries loaded:      33
  Allowlisted issues skipped:    109

  Gate 1 (color literals):       CLEAN
  Gate 2 (arbitrary bracket vals): CLEAN
  Gate 3 (raw font-size):        CLEAN
  Gate 4 (legacy hsl(var())):    CLEAN

All gates clean.

==> pnpm -r typecheck
Scope: all 36 workspace projects
Done in 25.7s
Exit status 0

==> pnpm build
Scope: all 36 workspace projects
Done in 20.0s
Exit status 0

==> test:run
Test Files  660 passed | 2 skipped (663)
Tests       12602 passed | 78 skipped (12684)
All suite assertions clean on patched lines.
